
Total elem: 1
type  : Double (Float64)
cytnx device: CPU
Shape : (1)
[-2.29255e+01 ]



Total elem: 6
type  : Double (Float64)
cytnx device: CPU
Shape : (6)
[-6.15649e-01 -5.84368e-01 -2.49867e-01 4.67314e-02 1.91720e-01 4.88318e-01 ]


