< 1.33 > dtype: [Double (Float64)]
< 1.33 > dtype: [Float (Float32)]
