< 2 > dtype: [Double (Float64)]
< 7 > dtype: [Double (Float64)]
